// Vitest Snapshot v1, https://vitest.dev/guide/snapshot.html

exports[`Avatar Component > renders correctly 1`] = `
<div>
  <button
    class="avatar-container rounded-full"
    style="--avatar-color: #347485;"
  />
</div>
`;

exports[`Avatar Component > renders with provided bad src 1`] = `
<div>
  <button
    class="avatar-container rounded-full"
    style="--avatar-color: #347485;"
  />
</div>
`;
